---
created: "2019-07-09T03:50:51.076550416Z"
creator: insta@0.8.1
source: src/tests.rs
expression: contents
---
{"data":{"users":[]},"message":"found all users","status":"success"}
